[
  {
    "song": "Memories",
    "artist": [
      "Maroon 5"
    ],
    "songURL": "https://open.spotify.com/track/2b8fOow8UzyDFAE27YhOZM"
  },
  {
    "song": "Dance Monkey",
    "artist": [
      "Tones and I"
    ],
    "songURL": "https://open.spotify.com/track/421leiR6jKlH5KDdwLYrOs"
  },
  {
    "song": "Circles",
    "artist": [
      "Post Malone"
    ],
    "songURL": "https://open.spotify.com/track/4VginDwYTP2eaHJzO0QMjG"
  },
  {
    "song": "Lights Up",
    "artist": [
      "Harry Styles"
    ],
    "songURL": "https://open.spotify.com/track/2plLJpUcYPFrl1sW2pMG63"
  },
  {
    "song": "HIGHEST IN THE ROOM",
    "artist": [
      "Travis Scott"
    ],
    "songURL": "https://open.spotify.com/track/3eekarcy7kvN4yt5ZFzltW"
  },
  {
    "song": "hot girl bummer",
    "artist": [
      "blackbear"
    ],
    "songURL": "https://open.spotify.com/track/7aiClxsDWFRQ0Kzk5KI5ku"
  },
  {
    "song": "Graveyard",
    "artist": [
      "Halsey"
    ],
    "songURL": "https://open.spotify.com/track/6V9fHiv84WlVTg7CSnIVY2"
  },
  {
    "song": "10,000 Hours (with Justin Bieber)",
    "artist": [
      "Dan + Shay",
      "Justin Bieber"
    ],
    "songURL": "https://open.spotify.com/track/2wrJq5XKLnmhRXHIAf9xBa"
  },
  {
    "song": "Trampoline (with ZAYN)",
    "artist": [
      "SHAED",
      "ZAYN"
    ],
    "songURL": "https://open.spotify.com/track/1iQDltZqI7BXnHrFy4Qo1k"
  },
  {
    "song": "Liar",
    "artist": [
      "Camila Cabello"
    ],
    "songURL": "https://open.spotify.com/track/7LzouaWGFCy4tkXDOOnEyM"
  },
  {
    "song": "Someone You Loved",
    "artist": [
      "Lewis Capaldi"
    ],
    "songURL": "https://open.spotify.com/track/7qEHsqek33rTcFNT9PFqLf"
  },
  {
    "song": "Good Thing (with Kehlani)",
    "artist": [
      "Zedd",
      "Kehlani"
    ],
    "songURL": "https://open.spotify.com/track/5aUSEPNd3m5xliFK4pn5mU"
  },
  {
    "song": "How Do You Sleep?",
    "artist": [
      "Sam Smith"
    ],
    "songURL": "https://open.spotify.com/track/6b2RcmUt1g9N9mQ3CbjX2Y"
  },
  {
    "song": "Make It Right (feat. Lauv)",
    "artist": [
      "BTS",
      "Lauv"
    ],
    "songURL": "https://open.spotify.com/track/314ZkcV7oLWG8yWE7LABvH"
  },
  {
    "song": "Ride It",
    "artist": [
      "Regard"
    ],
    "songURL": "https://open.spotify.com/track/2tnVG71enUj33Ic2nFN6kZ"
  },
  {
    "song": "Beautiful People (feat. Khalid)",
    "artist": [
      "Ed Sheeran",
      "Khalid"
    ],
    "songURL": "https://open.spotify.com/track/4evmHXcjt3bTUHD1cvny97"
  },
  {
    "song": "Harleys In Hawaii",
    "artist": [
      "Katy Perry"
    ],
    "songURL": "https://open.spotify.com/track/5nCthAh3jt4xKuLJAifAaR"
  },
  {
    "song": "Writing on the Wall (feat. Post Malone & Cardi B)",
    "artist": [
      "French Montana",
      "Rvssian",
      "Post Malone",
      "Cardi B"
    ],
    "songURL": "https://open.spotify.com/track/7x9nXsowok1JszkVztI5NI"
  },
  {
    "song": "Lonely (with Jonas Brothers)",
    "artist": [
      "Diplo",
      "Jonas Brothers"
    ],
    "songURL": "https://open.spotify.com/track/4fwo6czG5nvOQMzhOto1ya"
  },
  {
    "song": "Easy",
    "artist": [
      "Camila Cabello"
    ],
    "songURL": "https://open.spotify.com/track/46D0hYb1B7qiU33VtXt21W"
  },
  {
    "song": "Nice To Meet Ya",
    "artist": [
      "Niall Horan"
    ],
    "songURL": "https://open.spotify.com/track/3cphb8kdsjElYR7r5icK3H"
  },
  {
    "song": "Good As Hell",
    "artist": [
      "Lizzo"
    ],
    "songURL": "https://open.spotify.com/track/6uAm7pG66O1XesXS9bpHSF"
  },
  {
    "song": "Motivation",
    "artist": [
      "Normani"
    ],
    "songURL": "https://open.spotify.com/track/0rIAC4PXANcKmitJfoqmVm"
  },
  {
    "song": "South of the Border (feat. Camila Cabello & Cardi B)",
    "artist": [
      "Ed Sheeran",
      "Camila Cabello",
      "Cardi B"
    ],
    "songURL": "https://open.spotify.com/track/4vUmTMuQqjdnvlZmAH61Qk"
  },
  {
    "song": "Panini",
    "artist": [
      "Lil Nas X"
    ],
    "songURL": "https://open.spotify.com/track/6fTt0CH2t0mdeB2N9XFG5r"
  },
  {
    "song": "Take What You Want (feat. Ozzy Osbourne & Travis Scott)",
    "artist": [
      "Post Malone",
      "Ozzy Osbourne",
      "Travis Scott"
    ],
    "songURL": "https://open.spotify.com/track/7CZyCXKG6d5ALeq41sLzbw"
  },
  {
    "song": "Don’t Call Me Angel (Charlie’s Angels) (with Miley Cyrus & Lana Del Rey)",
    "artist": [
      "Ariana Grande",
      "Miley Cyrus",
      "Lana Del Rey"
    ],
    "songURL": "https://open.spotify.com/track/3NkJNL3WqO1Lqc3uNDxvCN"
  },
  {
    "song": "Bruises",
    "artist": [
      "Lewis Capaldi"
    ],
    "songURL": "https://open.spotify.com/track/4Of7rzpRpV1mWRbhp5rAqG"
  },
  {
    "song": "Feelings",
    "artist": [
      "Lauv"
    ],
    "songURL": "https://open.spotify.com/track/0y675KDleCZEudjoeL1sQQ"
  },
  {
    "song": "Takeaway",
    "artist": [
      "The Chainsmokers",
      "ILLENIUM",
      "Lennon Stella"
    ],
    "songURL": "https://open.spotify.com/track/6wo37KVqFJhtuxPTpLCcfe"
  },
  {
    "song": "Heartless (feat. Morgan Wallen)",
    "artist": [
      "Diplo",
      "Morgan Wallen"
    ],
    "songURL": "https://open.spotify.com/track/0rFQ5cKYJ9WtHSKp9sxVYt"
  },
  {
    "song": "Outnumbered",
    "artist": [
      "Dermot Kennedy"
    ],
    "songURL": "https://open.spotify.com/track/6UjZ2Yx2g2a52XxiA8ONxZ"
  },
  {
    "song": "Saint-Tropez",
    "artist": [
      "Post Malone"
    ],
    "songURL": "https://open.spotify.com/track/7C39RtGhnEw7cyf0Pyw7PV"
  },
  {
    "song": "Bandit (with YoungBoy Never Broke Again)",
    "artist": [
      "Juice WRLD",
      "YoungBoy Never Broke Again"
    ],
    "songURL": "https://open.spotify.com/track/6Gg1gjgKi2AK4e0qzsR7sd"
  },
  {
    "song": "I.F.L.Y.",
    "artist": [
      "Bazzi"
    ],
    "songURL": "https://open.spotify.com/track/4R9ATNRRl1uth17i5qDCc0"
  },
  {
    "song": "Teeth",
    "artist": [
      "5 Seconds of Summer"
    ],
    "songURL": "https://open.spotify.com/track/1JRK7srBWUtAW7dPabKBwJ"
  },
  {
    "song": "Lose Control",
    "artist": [
      "MEDUZA",
      "Becky Hill",
      "Goodboys"
    ],
    "songURL": "https://open.spotify.com/track/7CHi4DtfK4heMlQaudCuHK"
  },
  {
    "song": "bad guy",
    "artist": [
      "Billie Eilish"
    ],
    "songURL": "https://open.spotify.com/track/2Fxmhks0bxGSBdJ92vM42m"
  },
  {
    "song": "July",
    "artist": [
      "Noah Cyrus"
    ],
    "songURL": "https://open.spotify.com/track/5a6pdCHlWS2ekOOQ70QnAr"
  },
  {
    "song": "Playing Games (with Bryson Tiller) - Extended Version",
    "artist": [
      "Summer Walker",
      "Bryson Tiller"
    ],
    "songURL": "https://open.spotify.com/track/2xyx0o4xNOLLjBSbOOdcbA"
  },
  {
    "song": "What Am I",
    "artist": [
      "Why Don't We"
    ],
    "songURL": "https://open.spotify.com/track/1HimGOB6BjOaCQYMIF1xtU"
  },
  {
    "song": "Lalala",
    "artist": [
      "Y2K",
      "bbno$"
    ],
    "songURL": "https://open.spotify.com/track/07rmSXN6vNoquX1AsWd9pP"
  },
  {
    "song": "Hot (feat. Gunna)",
    "artist": [
      "Young Thug",
      "Gunna"
    ],
    "songURL": "https://open.spotify.com/track/5Z8HZM6iQMhhqyPcCGY5g9"
  },
  {
    "song": "Truth Hurts",
    "artist": [
      "Lizzo"
    ],
    "songURL": "https://open.spotify.com/track/5Qel1sTrU4LM8HlJSPT2jd"
  },
  {
    "song": "It's You",
    "artist": [
      "Ali Gatie"
    ],
    "songURL": "https://open.spotify.com/track/6moU77g9RQyMzHNuKEaQKq"
  },
  {
    "song": "Que Calor (feat. J Balvin & El Alfa)",
    "artist": [
      "Major Lazer",
      "J Balvin",
      "El Alfa",
      "Diplo"
    ],
    "songURL": "https://open.spotify.com/track/1RKZvaLj3UPhGjZkaIrFm7"
  },
  {
    "song": "BOP",
    "artist": [
      "DaBaby"
    ],
    "songURL": "https://open.spotify.com/track/6Ozh9Ok6h4Oi1wUSLtBseN"
  },
  {
    "song": "Post Malone (feat. RANI)",
    "artist": [
      "Sam Feldt",
      "RANI"
    ],
    "songURL": "https://open.spotify.com/track/0qc4QlcCxVTGyShurEv1UU"
  },
  {
    "song": "Higher Love",
    "artist": [
      "Kygo",
      "Whitney Houston"
    ],
    "songURL": "https://open.spotify.com/track/6oJ6le65B3SEqPwMRNXWjY"
  },
  {
    "song": "Be Honest (feat. Burna Boy)",
    "artist": [
      "Jorja Smith",
      "Burna Boy"
    ],
    "songURL": "https://open.spotify.com/track/5pAbCxt9e3f81lOmjIXwzd"
  }
]